// Jest Snapshot v1, https://goo.gl/fbAQLP

exports[`Loadable is rendering 1`] = `
<div>
  Error! 
  ReferenceError: React is not defined
    at Object.&lt;anonymous&gt; (/home/fabien/Documents/work/gka-react-redux-starter/test/TestComponent.js:1:1790)
    at Runtime._execModule (/home/fabien/Documents/work/gka-react-redux-starter/node_modules/jest-runtime/build/index.js:888:13)
    at Runtime._loadModule (/home/fabien/Documents/work/gka-react-redux-starter/node_modules/jest-runtime/build/index.js:577:12)
    at Runtime.requireModule (/home/fabien/Documents/work/gka-react-redux-starter/node_modules/jest-runtime/build/index.js:433:10)
    at Runtime.requireModuleOrMock (/home/fabien/Documents/work/gka-react-redux-starter/node_modules/jest-runtime/build/index.js:598:21)
    at /home/fabien/Documents/work/gka-react-redux-starter/test/Loadable.test.js:25:24
    at process._tickCallback (internal/process/next_tick.js:68:7)
  <button
    onClick={[Function]}
  >
    Retry
  </button>
</div>
`;
